// Jest Snapshot v1, https://goo.gl/fbAQLP

exports[`MoviesList rendering 1`] = `
<div
  className="catalog__movies-list"
>
  <article
    className="small-movie-card catalog__movies-card"
    onClick={[Function]}
    onMouseEnter={[Function]}
    onMouseLeave={[Function]}
  >
    <div
      className="small-movie-card__image"
    >
      <video
        height="175"
        muted={true}
        poster="img/fantastic-beasts-the-crimes-of-grindelwald.jpg"
        width="280"
      >
        <source
          type="video/webm; codecs=\\"vp8, vorbis\\""
        />
      </video>
    </div>
    <h3
      className="small-movie-card__title"
    >
      <a
        className="small-movie-card__link"
        href="movie-page.html"
        onClick={[Function]}
      >
        Fantastic Beasts: The Crimes of Grindelwald
      </a>
    </h3>
  </article>
  <article
    className="small-movie-card catalog__movies-card"
    onClick={[Function]}
    onMouseEnter={[Function]}
    onMouseLeave={[Function]}
  >
    <div
      className="small-movie-card__image"
    >
      <video
        height="175"
        muted={true}
        poster="img/bohemian-rhapsody.jpg"
        width="280"
      >
        <source
          type="video/webm; codecs=\\"vp8, vorbis\\""
        />
      </video>
    </div>
    <h3
      className="small-movie-card__title"
    >
      <a
        className="small-movie-card__link"
        href="movie-page.html"
        onClick={[Function]}
      >
        Bohemian Rhapsody
      </a>
    </h3>
  </article>
</div>
`;
